Running "typescript:blueprint3d" (typescript) task
>> src/core/events.ts(18,61): error TS1005: ',' expected.
>> src/core/events.ts(18,63): error TS1005: '>' expected.
>> src/core/events.ts(18,73): error TS1109: Expression expected.
>> src/core/events.ts(21,32): error TS1005: ',' expected.
>> src/core/events.ts(28,30): error TS1110: Type expected.
>> src/core/events.ts(28,35): error TS1005: ':' expected.
>> src/core/events.ts(29,20): error TS1005: '=' expected.
>> src/core/events.ts(35,7): error TS1005: ',' expected.
>> src/core/events.ts(35,14): error TS1005: ':' expected.
>> src/core/events.ts(35,18): error TS1005: ',' expected.
>> src/core/events.ts(43,5): error TS1005: ',' expected.
>> src/core/events.ts(43,33): error TS1110: Type expected.
>> src/core/events.ts(43,38): error TS1005: ':' expected.
>> src/core/events.ts(44,13): error TS1005: ':' expected.
>> src/core/events.ts(44,53): error TS1005: ',' expected.
>> src/core/events.ts(45,17): error TS1005: '=' expected.
>> src/core/events.ts(48,7): error TS1005: ',' expected.
>> src/core/events.ts(48,14): error TS1005: ':' expected.
>> src/core/events.ts(48,18): error TS1005: ',' expected.
>> src/core/events.ts(55,5): error TS1005: ',' expected.
>> src/core/events.ts(72,5): error TS1005: ',' expected.
>> src/core/events.ts(80,5): error TS1005: ',' expected.
>> src/core/events.ts(80,21): error TS1110: Type expected.
>> src/core/events.ts(80,26): error TS1005: ':' expected.
>> src/core/events.ts(81,11): error TS1005: ':' expected.
>> src/core/events.ts(81,26): error TS1005: ',' expected.
>> src/core/events.ts(82,14): error TS1005: ':' expected.
>> src/core/events.ts(82,18): error TS1005: ',' expected.
>> src/core/events.ts(89,5): error TS1005: ',' expected.
>> src/three/controller.ts(22,36): error TS1110: Type expected.
>> src/three/controller.ts(29,45): error TS1110: Type expected.
>> src/three/controller.ts(30,43): error TS1110: Type expected.
>> src/three/controller.ts(31,42): error TS1110: Type expected.
>> src/three/controller.ts(39,106): error TS1110: Type expected.
>> src/three/controller.ts(90,81): error TS1005: ',' expected.
>> src/three/controller.ts(90,82): error TS1109: Expression expected.
>> src/three/controller.ts(92,28): error TS1005: ';' expected.
>> src/three/controller.ts(92,29): error TS1109: Expression expected.
>> src/three/controller.ts(98,81): error TS1005: ',' expected.
>> src/three/controller.ts(98,82): error TS1109: Expression expected.
>> src/three/controller.ts(101,30): error TS1005: ';' expected.
>> src/three/controller.ts(101,31): error TS1109: Expression expected.
>> src/three/controller.ts(103,30): error TS1005: ';' expected.
>> src/three/controller.ts(103,31): error TS1109: Expression expected.
>> src/three/controller.ts(212,30): error TS1005: ';' expected.
>> src/three/controller.ts(212,31): error TS1109: Expression expected.
>> src/three/controller.ts(285,46): error TS1110: Type expected.
>> src/three/controller.ts(285,51): error TS1005: ';' expected.
>> src/three/controller.ts(289,5): error TS1128: Declaration or statement expected.
>> src/three/controller.ts(289,34): error TS1005: ';' expected.
>> src/three/controller.ts(291,13): error TS1005: ':' expected.
>> src/three/controller.ts(291,45): error TS1005: ',' expected.
>> src/three/controller.ts(292,21): error TS1005: '=' expected.
>> src/three/controller.ts(301,7): error TS1005: ',' expected.
>> src/three/controller.ts(301,11): error TS1005: ':' expected.
>> src/three/controller.ts(301,35): error TS1005: ',' expected.
>> src/three/controller.ts(302,11): error TS1005: ':' expected.
>> src/three/controller.ts(302,35): error TS1005: ',' expected.
>> src/three/controller.ts(305,13): error TS1005: ':' expected.
>> src/three/controller.ts(305,48): error TS1005: ',' expected.
>> src/three/controller.ts(306,13): error TS1005: ':' expected.
>> src/three/controller.ts(306,79): error TS1005: ',' expected.
>> src/three/controller.ts(308,21): error TS1005: ',' expected.
>> src/three/controller.ts(308,29): error TS1005: '=' expected.
>> src/three/controller.ts(310,9): error TS1005: ',' expected.
>> src/three/controller.ts(310,14): error TS1005: ':' expected.
>> src/three/controller.ts(311,13): error TS1005: ':' expected.
>> src/three/controller.ts(311,38): error TS1005: ',' expected.
>> src/three/controller.ts(315,5): error TS1128: Declaration or statement expected.
>> src/three/controller.ts(315,34): error TS1005: ',' expected.
>> src/three/controller.ts(315,50): error TS1005: ';' expected.
>> src/three/controller.ts(315,66): error TS1005: ';' expected.
>> src/three/controller.ts(322,5): error TS1128: Declaration or statement expected.
>> src/three/controller.ts(322,29): error TS1005: ',' expected.
>> src/three/controller.ts(322,45): error TS1005: ';' expected.
>> src/three/controller.ts(322,61): error TS1005: ';' expected.
>> src/three/controller.ts(329,5): error TS1128: Declaration or statement expected.
>> src/three/controller.ts(329,33): error TS1005: ',' expected.
>> src/three/controller.ts(329,54): error TS1005: ',' expected.
>> src/three/controller.ts(329,67): error TS1005: ';' expected.
>> src/three/controller.ts(329,95): error TS1005: ';' expected.
>> src/three/controller.ts(343,5): error TS1128: Declaration or statement expected.
>> src/three/controller.ts(344,11): error TS1005: ',' expected.
>> src/three/controller.ts(345,14): error TS1005: ',' expected.
>> src/three/controller.ts(346,22): error TS1005: ',' expected.
>> src/three/controller.ts(347,18): error TS1005: ',' expected.
>> src/three/controller.ts(348,16): error TS1005: ',' expected.
>> src/three/controller.ts(349,20): error TS1005: ',' expected.
>> src/three/controller.ts(350,6): error TS1005: ';' expected.
>> src/three/controller.ts(350,29): error TS1005: ';' expected.
>> src/three/controller.ts(373,40): error TS1005: ',' expected.
>> src/three/controller.ts(373,41): error TS1109: Expression expected.
>> src/three/controller.ts(381,5): error TS1128: Declaration or statement expected.
>> src/three/controller.ts(381,36): error TS1005: ',' expected.
>> src/three/controller.ts(381,56): error TS1005: ';' expected.
>> src/three/controller.ts(382,11): error TS1138: Parameter declaration expected.
>> src/three/controller.ts(382,15): error TS1005: ':' expected.
>> src/three/controller.ts(382,52): error TS1005: ',' expected.
>> src/three/controller.ts(382,54): error TS1136: Property assignment expected.
>> src/three/controller.ts(399,5): error TS1128: Declaration or statement expected.
>> src/three/controller.ts(399,30): error TS1005: ';' expected.
>> src/three/controller.ts(400,11): error TS1138: Parameter declaration expected.
>> src/three/controller.ts(400,15): error TS1005: ':' expected.
>> src/three/controller.ts(400,42): error TS1005: ',' expected.
>> src/three/controller.ts(400,44): error TS1136: Property assignment expected.
>> src/three/controller.ts(414,9): error TS1128: Declaration or statement expected.
>> src/three/controller.ts(420,5): error TS1128: Declaration or statement expected.
>> src/three/controller.ts(422,5): error TS1128: Declaration or statement expected.
>> src/three/controller.ts(422,27): error TS1005: ';' expected.
>> src/three/controller.ts(426,5): error TS1128: Declaration or statement expected.
>> src/three/controller.ts(426,28): error TS1005: ';' expected.
>> src/three/controller.ts(429,3): error TS1128: Declaration or statement expected.
>> src/three/controller.ts(430,1): error TS1128: Declaration or statement expected.
>> src/three/controls.ts(65,29): error TS1005: '=' expected.
>> src/three/main.ts(23,35): error TS1110: Type expected.
>> src/three/main.ts(41,39): error TS1110: Type expected.
Warning: Task "typescript:blueprint3d" failed. Use --force to continue.

Aborted due to warnings.
